Archive member included because of file (symbol)

C:/Freescale/CW111/MCU/ARM_GCC_Support/ewl/lib/armv6-m\libc.a(exit.o)
                              ./Project_Settings/Startup_Code/__arm_start.o (exit)
C:/Freescale/CW111/MCU/ARM_GCC_Support/ewl/lib/armv6-m\libc.a(memset.o)
                              ./Project_Settings/Startup_Code/__arm_start.o (memset)
C:/Freescale/CW111/MCU/ARM_GCC_Support/ewl/lib/armv6-m\libc.a(__filll_mem.o)
                              C:/Freescale/CW111/MCU/ARM_GCC_Support/ewl/lib/armv6-m\libc.a(memset.o) (__fill_mem)
C:/Freescale/CW111/MCU/ARM_GCC_Support/ewl/lib/armv6-m\libc.a(memcpy.o)
                              ./Sources/ISR.o (memcpy)
c:/freescale/cw111/cross_tools/arm-none-eabi-gcc-4_7_3/bin/../lib/gcc/arm-none-eabi/4.7.3/armv6-m\libgcc.a(_divsi3.o)
                              ./Sources/ISR.o (__aeabi_idivmod)
c:/freescale/cw111/cross_tools/arm-none-eabi-gcc-4_7_3/bin/../lib/gcc/arm-none-eabi/4.7.3/armv6-m\libgcc.a(_dvmd_tls.o)
                              c:/freescale/cw111/cross_tools/arm-none-eabi-gcc-4_7_3/bin/../lib/gcc/arm-none-eabi/4.7.3/armv6-m\libgcc.a(_divsi3.o) (__aeabi_idiv0)
C:/Freescale/CW111/MCU/ARM_GCC_Support/ewl/lib/armv6-m\librt.a(gcc_ctor_dtor.o)
                              ./Project_Settings/Startup_Code/__arm_start.o (__init_cpp)
C:/Freescale/CW111/MCU/ARM_GCC_Support/ewl/lib/armv6-m\librt.a(__arm_eabi_init.o)
                              C:/Freescale/CW111/MCU/ARM_GCC_Support/ewl/lib/armv6-m\libc.a(exit.o) (__destroy_global_chain)
C:/Freescale/CW111/MCU/ARM_GCC_Support/ewl/lib/armv6-m\librt.a(ROMCopy.o)
                              ./Project_Settings/Startup_Code/__arm_start.o (__copy_rom_sections_to_ram)

Discarded input sections

 .text          0x00000000        0x0 ./Project_Settings/Startup_Code/kinetis_sysinit.o
 .data          0x00000000        0x0 ./Project_Settings/Startup_Code/kinetis_sysinit.o
 .bss           0x00000000        0x0 ./Project_Settings/Startup_Code/kinetis_sysinit.o
 .text          0x00000000        0x0 ./Project_Settings/Startup_Code/__arm_start.o
 .data          0x00000000        0x0 ./Project_Settings/Startup_Code/__arm_start.o
 .bss           0x00000000        0x0 ./Project_Settings/Startup_Code/__arm_start.o
 .text.__iar_program_start
                0x00000000        0x4 ./Project_Settings/Startup_Code/__arm_start.o
 .text          0x00000000        0x0 ./Project_Settings/Startup_Code/__arm_end.o
 .data          0x00000000        0x0 ./Project_Settings/Startup_Code/__arm_end.o
 .bss           0x00000000        0x0 ./Project_Settings/Startup_Code/__arm_end.o
 .text          0x00000000        0x0 ./Sources/sa_mtb.o
 .data          0x00000000        0x0 ./Sources/sa_mtb.o
 .bss           0x00000000        0x0 ./Sources/sa_mtb.o
 .debug_info    0x00000000       0x21 ./Sources/sa_mtb.o
 .debug_abbrev  0x00000000       0x12 ./Sources/sa_mtb.o
 .debug_aranges
                0x00000000       0x18 ./Sources/sa_mtb.o
 .debug_macinfo
                0x00000000     0x24d8 ./Sources/sa_mtb.o
 .debug_line    0x00000000       0xa3 ./Sources/sa_mtb.o
 .debug_str     0x00000000       0x98 ./Sources/sa_mtb.o
 .comment       0x00000000       0x7a ./Sources/sa_mtb.o
 .ARM.attributes
                0x00000000       0x31 ./Sources/sa_mtb.o
 .text          0x00000000        0x0 ./Sources/main.o
 .data          0x00000000        0x0 ./Sources/main.o
 .bss           0x00000000        0x0 ./Sources/main.o
 .text          0x00000000        0x0 ./Sources/TPM.o
 .data          0x00000000        0x0 ./Sources/TPM.o
 .bss           0x00000000        0x0 ./Sources/TPM.o
 .text.TPM0TPM1_PTA12PTA13PTC2PTC3_config_basica
                0x00000000       0x88 ./Sources/TPM.o
 .text.TPM0DMA_PTC3_config_basica
                0x00000000       0x60 ./Sources/TPM.o
 .text.TPM1DMA_PTE21_config_basica
                0x00000000       0x60 ./Sources/TPM.o
 .text.TPM_setaCnV
                0x00000000       0x38 ./Sources/TPM.o
 .text          0x00000000        0x0 ./Sources/SIM.o
 .data          0x00000000        0x0 ./Sources/SIM.o
 .bss           0x00000000        0x0 ./Sources/SIM.o
 .text.SIM_setaOUTDIV4
                0x00000000       0x48 ./Sources/SIM.o
 .text.SIM_reseta
                0x00000000       0x90 ./Sources/SIM.o
 .text          0x00000000        0x0 ./Sources/MCG.o
 .data          0x00000000        0x0 ./Sources/MCG.o
 .bss           0x00000000        0x0 ./Sources/MCG.o
 .text.MCG_initIR4MHFLL20MH
                0x00000000       0xb0 ./Sources/MCG.o
 .text          0x00000000        0x0 ./Sources/ISR.o
 .data          0x00000000        0x0 ./Sources/ISR.o
 .bss           0x00000000        0x0 ./Sources/ISR.o
 .text          0x00000000        0x0 C:/Freescale/CW111/MCU/ARM_GCC_Support/ewl/lib/armv6-m\libc.a(exit.o)
 .data          0x00000000        0x0 C:/Freescale/CW111/MCU/ARM_GCC_Support/ewl/lib/armv6-m\libc.a(exit.o)
 .bss           0x00000000        0x0 C:/Freescale/CW111/MCU/ARM_GCC_Support/ewl/lib/armv6-m\libc.a(exit.o)
 .text          0x00000000        0x0 C:/Freescale/CW111/MCU/ARM_GCC_Support/ewl/lib/armv6-m\libc.a(memset.o)
 .data          0x00000000        0x0 C:/Freescale/CW111/MCU/ARM_GCC_Support/ewl/lib/armv6-m\libc.a(memset.o)
 .bss           0x00000000        0x0 C:/Freescale/CW111/MCU/ARM_GCC_Support/ewl/lib/armv6-m\libc.a(memset.o)
 .text          0x00000000        0x0 C:/Freescale/CW111/MCU/ARM_GCC_Support/ewl/lib/armv6-m\libc.a(__filll_mem.o)
 .data          0x00000000        0x0 C:/Freescale/CW111/MCU/ARM_GCC_Support/ewl/lib/armv6-m\libc.a(__filll_mem.o)
 .bss           0x00000000        0x0 C:/Freescale/CW111/MCU/ARM_GCC_Support/ewl/lib/armv6-m\libc.a(__filll_mem.o)
 .text          0x00000000        0x0 C:/Freescale/CW111/MCU/ARM_GCC_Support/ewl/lib/armv6-m\libc.a(memcpy.o)
 .data          0x00000000        0x0 C:/Freescale/CW111/MCU/ARM_GCC_Support/ewl/lib/armv6-m\libc.a(memcpy.o)
 .bss           0x00000000        0x0 C:/Freescale/CW111/MCU/ARM_GCC_Support/ewl/lib/armv6-m\libc.a(memcpy.o)
 .data          0x00000000        0x0 c:/freescale/cw111/cross_tools/arm-none-eabi-gcc-4_7_3/bin/../lib/gcc/arm-none-eabi/4.7.3/armv6-m\libgcc.a(_divsi3.o)
 .bss           0x00000000        0x0 c:/freescale/cw111/cross_tools/arm-none-eabi-gcc-4_7_3/bin/../lib/gcc/arm-none-eabi/4.7.3/armv6-m\libgcc.a(_divsi3.o)
 .data          0x00000000        0x0 c:/freescale/cw111/cross_tools/arm-none-eabi-gcc-4_7_3/bin/../lib/gcc/arm-none-eabi/4.7.3/armv6-m\libgcc.a(_dvmd_tls.o)
 .bss           0x00000000        0x0 c:/freescale/cw111/cross_tools/arm-none-eabi-gcc-4_7_3/bin/../lib/gcc/arm-none-eabi/4.7.3/armv6-m\libgcc.a(_dvmd_tls.o)
 .text          0x00000000        0x0 C:/Freescale/CW111/MCU/ARM_GCC_Support/ewl/lib/armv6-m\librt.a(gcc_ctor_dtor.o)
 .data          0x00000000        0x0 C:/Freescale/CW111/MCU/ARM_GCC_Support/ewl/lib/armv6-m\librt.a(gcc_ctor_dtor.o)
 .bss           0x00000000        0x0 C:/Freescale/CW111/MCU/ARM_GCC_Support/ewl/lib/armv6-m\librt.a(gcc_ctor_dtor.o)
 .bss.__dso_handle
                0x00000000        0x4 C:/Freescale/CW111/MCU/ARM_GCC_Support/ewl/lib/armv6-m\librt.a(gcc_ctor_dtor.o)
 .text          0x00000000        0x0 C:/Freescale/CW111/MCU/ARM_GCC_Support/ewl/lib/armv6-m\librt.a(__arm_eabi_init.o)
 .data          0x00000000        0x0 C:/Freescale/CW111/MCU/ARM_GCC_Support/ewl/lib/armv6-m\librt.a(__arm_eabi_init.o)
 .bss           0x00000000        0x0 C:/Freescale/CW111/MCU/ARM_GCC_Support/ewl/lib/armv6-m\librt.a(__arm_eabi_init.o)
 .text.__register_global_object
                0x00000000       0x14 C:/Freescale/CW111/MCU/ARM_GCC_Support/ewl/lib/armv6-m\librt.a(__arm_eabi_init.o)
 .text.__cxa_atexit
                0x00000000       0x38 C:/Freescale/CW111/MCU/ARM_GCC_Support/ewl/lib/armv6-m\librt.a(__arm_eabi_init.o)
 .text.__aeabi_atexit
                0x00000000        0xe C:/Freescale/CW111/MCU/ARM_GCC_Support/ewl/lib/armv6-m\librt.a(__arm_eabi_init.o)
 .text.__register_atexit
                0x00000000        0xc C:/Freescale/CW111/MCU/ARM_GCC_Support/ewl/lib/armv6-m\librt.a(__arm_eabi_init.o)
 .text.__init_hardware
                0x00000000        0x4 C:/Freescale/CW111/MCU/ARM_GCC_Support/ewl/lib/armv6-m\librt.a(__arm_eabi_init.o)
 .bss.atexit_curr_func
                0x00000000        0x4 C:/Freescale/CW111/MCU/ARM_GCC_Support/ewl/lib/armv6-m\librt.a(__arm_eabi_init.o)
 .bss.atexit_funcs
                0x00000000      0x300 C:/Freescale/CW111/MCU/ARM_GCC_Support/ewl/lib/armv6-m\librt.a(__arm_eabi_init.o)
 .text          0x00000000        0x0 C:/Freescale/CW111/MCU/ARM_GCC_Support/ewl/lib/armv6-m\librt.a(ROMCopy.o)
 .data          0x00000000        0x0 C:/Freescale/CW111/MCU/ARM_GCC_Support/ewl/lib/armv6-m\librt.a(ROMCopy.o)
 .bss           0x00000000        0x0 C:/Freescale/CW111/MCU/ARM_GCC_Support/ewl/lib/armv6-m\librt.a(ROMCopy.o)
 .text.__flush_cache
                0x00000000        0x2 C:/Freescale/CW111/MCU/ARM_GCC_Support/ewl/lib/armv6-m\librt.a(ROMCopy.o)

Memory Configuration

Name             Origin             Length             Attributes
m_interrupts     0x00000000         0x000000c0         xr
m_cfmprotrom     0x00000400         0x00000010         xr
m_text           0x00000800         0x0001f800         xr
m_data           0x1ffff000         0x00004000         xrw
*default*        0x00000000         0xffffffff

Linker script and memory map

LOAD ./Project_Settings/Startup_Code/kinetis_sysinit.o
LOAD ./Project_Settings/Startup_Code/__arm_start.o
LOAD ./Project_Settings/Startup_Code/__arm_end.o
LOAD ./Sources/sa_mtb.o
LOAD ./Sources/main.o
LOAD ./Sources/TPM.o
LOAD ./Sources/SIM.o
LOAD ./Sources/MCG.o
LOAD ./Sources/ISR.o
START GROUP
LOAD C:/Freescale/CW111/MCU/ARM_GCC_Support/ewl/lib/armv6-m\libc.a
LOAD C:/Freescale/CW111/MCU/ARM_GCC_Support/ewl/lib/armv6-m\libm.a
LOAD c:/freescale/cw111/cross_tools/arm-none-eabi-gcc-4_7_3/bin/../lib/gcc/arm-none-eabi/4.7.3/armv6-m\libgcc.a
LOAD C:/Freescale/CW111/MCU/ARM_GCC_Support/ewl/lib/armv6-m\librt.a
END GROUP
                0x20003000                _estack = 0x20003000
                0x20003000                __SP_INIT = _estack
                0x00000400                __heap_size = 0x400
                0x00000400                __stack_size = 0x400

.interrupts     0x00000000       0xc0
                0x00000000                __vector_table = .
                0x00000000                . = ALIGN (0x4)
 *(.vectortable)
 .vectortable   0x00000000       0xc0 ./Project_Settings/Startup_Code/kinetis_sysinit.o
                0x00000000                InterruptVector
                0x000000c0                . = ALIGN (0x4)

.cfmprotect     0x00000400        0x0
                0x00000400                . = ALIGN (0x4)
 *(.cfmconfig)
                0x00000400                . = ALIGN (0x4)

.text           0x00000800      0x9b8
                0x00000800                . = ALIGN (0x4)
 *(.text)
 .text          0x00000800       0xc0 c:/freescale/cw111/cross_tools/arm-none-eabi-gcc-4_7_3/bin/../lib/gcc/arm-none-eabi/4.7.3/armv6-m\libgcc.a(_divsi3.o)
                0x00000800                __divsi3
                0x00000800                __aeabi_idiv
                0x000008ac                __aeabi_idivmod
 .text          0x000008c0        0x4 c:/freescale/cw111/cross_tools/arm-none-eabi-gcc-4_7_3/bin/../lib/gcc/arm-none-eabi/4.7.3/armv6-m\libgcc.a(_dvmd_tls.o)
                0x000008c0                __aeabi_idiv0
                0x000008c0                __aeabi_ldiv0
 *(.text*)
 .text.Default_Handler
                0x000008c4        0xc ./Project_Settings/Startup_Code/kinetis_sysinit.o
                0x000008c4                RTC_Alarm_IRQHandler
                0x000008c4                I2C0_IRQHandler
                0x000008c4                HardFault_Handler
                0x000008c4                SysTick_Handler
                0x000008c4                PendSV_Handler
                0x000008c4                NMI_Handler
                0x000008c4                I2C1_IRQHandler
                0x000008c4                UART1_IRQHandler
                0x000008c4                DMA2_IRQHandler
                0x000008c4                TSI0_IRQHandler
                0x000008c4                UART0_IRQHandler
                0x000008c4                ADC0_IRQHandler
                0x000008c4                SPI1_IRQHandler
                0x000008c4                PORTD_IRQHandler
                0x000008c4                LPTimer_IRQHandler
                0x000008c4                RTC_Seconds_IRQHandler
                0x000008c4                MCG_IRQHandler
                0x000008c4                UART2_IRQHandler
                0x000008c4                Default_Handler
                0x000008c4                LLW_IRQHandler
                0x000008c4                PIT_IRQHandler
                0x000008c4                SVC_Handler
                0x000008c4                USBOTG_IRQHandler
                0x000008c4                DMA3_IRQHandler
                0x000008c4                DMA0_IRQHandler
                0x000008c4                DAC0_IRQHandler
                0x000008c4                PMC_IRQHandler
                0x000008c4                SPI0_IRQHandler
                0x000008c4                FTM0_IRQHandler
                0x000008c4                PORTA_IRQHandler
                0x000008c4                MCM_IRQHandler
                0x000008c4                FTFL_IRQHandler
                0x000008c4                CMP0_IRQHandler
                0x000008c4                DMA1_IRQHandler
 .text.__init_hardware
                0x000008d0       0x2c ./Project_Settings/Startup_Code/kinetis_sysinit.o
                0x000008d0                __init_hardware
 .text.zero_fill_bss
                0x000008fc       0x24 ./Project_Settings/Startup_Code/__arm_start.o
 .text.__thumb_startup
                0x00000920       0x30 ./Project_Settings/Startup_Code/__arm_start.o
                0x00000920                __thumb_startup
 .text._ExitProcess
                0x00000950        0xc ./Project_Settings/Startup_Code/__arm_end.o
                0x00000950                _ExitProcess
 .text.main     0x0000095c       0xb4 ./Sources/main.o
                0x0000095c                main
 .text.TPM1TPM2_PTE20PTE21PTE22PTE23_config_basica
                0x00000a10       0x70 ./Sources/TPM.o
                0x00000a10                TPM1TPM2_PTE20PTE21PTE22PTE23_config_basica
 .text.TPM_config_especifica
                0x00000a80      0x214 ./Sources/TPM.o
                0x00000a80                TPM_config_especifica
 .text.TPM_CH_config_especifica
                0x00000c94       0xac ./Sources/TPM.o
                0x00000c94                TPM_CH_config_especifica
 .text.TPM_habilitaNVICIRQ
                0x00000d40       0x78 ./Sources/TPM.o
                0x00000d40                TPM_habilitaNVICIRQ
 .text.TPM_habilitaInterrupTOF
                0x00000db8       0x34 ./Sources/TPM.o
                0x00000db8                TPM_habilitaInterrupTOF
 .text.SIM_setaFLLPLL
                0x00000dec       0x4c ./Sources/SIM.o
                0x00000dec                SIM_setaFLLPLL
 .text.SIM_setaTPMSRC
                0x00000e38       0x34 ./Sources/SIM.o
                0x00000e38                SIM_setaTPMSRC
 .text.MCG_initFLL48MH
                0x00000e6c       0x70 ./Sources/MCG.o
                0x00000e6c                MCG_initFLL48MH
 .text.FTM2_IRQHandler
                0x00000edc       0x70 ./Sources/ISR.o
                0x00000edc                FTM2_IRQHandler
 .text.FTM1_IRQHandler
                0x00000f4c       0x58 ./Sources/ISR.o
                0x00000f4c                FTM1_IRQHandler
 .text.exit     0x00000fa4       0x38 C:/Freescale/CW111/MCU/ARM_GCC_Support/ewl/lib/armv6-m\libc.a(exit.o)
                0x00000fa4                exit
 .text.memset   0x00000fdc        0xc C:/Freescale/CW111/MCU/ARM_GCC_Support/ewl/lib/armv6-m\libc.a(memset.o)
                0x00000fdc                memset
 .text.__fill_mem
                0x00000fe8       0x7e C:/Freescale/CW111/MCU/ARM_GCC_Support/ewl/lib/armv6-m\libc.a(__filll_mem.o)
                0x00000fe8                __fill_mem
 .text.memcpy   0x00001066       0x12 C:/Freescale/CW111/MCU/ARM_GCC_Support/ewl/lib/armv6-m\libc.a(memcpy.o)
                0x00001066                memcpy
 .text.__init_cpp
                0x00001078       0x48 C:/Freescale/CW111/MCU/ARM_GCC_Support/ewl/lib/armv6-m\librt.a(gcc_ctor_dtor.o)
                0x00001078                __init_cpp
 .text.__fini_cpp
                0x000010c0       0x34 C:/Freescale/CW111/MCU/ARM_GCC_Support/ewl/lib/armv6-m\librt.a(gcc_ctor_dtor.o)
                0x000010c0                __fini_cpp
 .text.__destroy_global_chain
                0x000010f4       0x1c C:/Freescale/CW111/MCU/ARM_GCC_Support/ewl/lib/armv6-m\librt.a(__arm_eabi_init.o)
                0x000010f4                __destroy_global_chain
 .text.__init_registers
                0x00001110       0x1c C:/Freescale/CW111/MCU/ARM_GCC_Support/ewl/lib/armv6-m\librt.a(__arm_eabi_init.o)
                0x00001110                __init_registers
 .text.__init_user
                0x0000112c        0x4 C:/Freescale/CW111/MCU/ARM_GCC_Support/ewl/lib/armv6-m\librt.a(__arm_eabi_init.o)
                0x0000112c                __init_user
 .text.__copy_rom_section
                0x00001130       0x48 C:/Freescale/CW111/MCU/ARM_GCC_Support/ewl/lib/armv6-m\librt.a(ROMCopy.o)
                0x00001130                __copy_rom_section
 .text.__copy_rom_sections_to_ram
                0x00001178       0x34 C:/Freescale/CW111/MCU/ARM_GCC_Support/ewl/lib/armv6-m\librt.a(ROMCopy.o)
                0x00001178                __copy_rom_sections_to_ram
 *(.rodata)
 .rodata        0x000011ac        0xc ./Sources/ISR.o
 *(.rodata*)
 *(.glue_7)
 .glue_7        0x00000000        0x0 linker stubs
 *(.glue_7t)
 .glue_7t       0x00000000        0x0 linker stubs
 *(.eh_frame)
 *(.init)
 *(.fini)
                0x000011b8                . = ALIGN (0x4)
                0x000011b8                _etext = .

.vfp11_veneer   0x000011b8        0x0
 .vfp11_veneer  0x00000000        0x0 linker stubs

.v4_bx          0x000011b8        0x0
 .v4_bx         0x00000000        0x0 linker stubs

.iplt           0x000011b8        0x0
 .iplt          0x00000000        0x0 ./Project_Settings/Startup_Code/kinetis_sysinit.o

.rel.dyn        0x000011b8        0x0
 .rel.iplt      0x00000000        0x0 ./Project_Settings/Startup_Code/kinetis_sysinit.o

.ARM.extab
 *(.ARM.extab* .gnu.linkonce.armextab.*)

.ARM            0x000011b8        0x0
                0x000011b8                __exidx_start = .
 *(.ARM.exidx*)
                0x000011b8                __exidx_end = .

.ctors          0x000011b8        0x0
                0x000011b8                __CTOR_LIST__ = .
 *crtbegin.o(.ctors)
 *(EXCLUDE_FILE(*crtend.o) .ctors)
 *(SORT(.ctors.*))
 *(.ctors)
                0x000011b8                __CTOR_END__ = .

.dtors          0x000011b8        0x0
                0x000011b8                __DTOR_LIST__ = .
 *crtbegin.o(.dtors)
 *(EXCLUDE_FILE(*crtend.o) .dtors)
 *(SORT(.dtors.*))
 *(.dtors)
                0x000011b8                __DTOR_END__ = .

.preinit_array  0x000011b8        0x0
                0x000011b8                PROVIDE (__preinit_array_start, .)
 *(.preinit_array*)
                0x000011b8                PROVIDE (__preinit_array_end, .)

.init_array     0x000011b8        0x0
                0x000011b8                PROVIDE (__init_array_start, .)
 *(SORT(.init_array.*))
 *(.init_array*)
                0x000011b8                PROVIDE (__init_array_end, .)

.fini_array     0x000011b8        0x0
                0x000011b8                PROVIDE (__fini_array_start, .)
 *(SORT(.fini_array.*))
 *(.fini_array*)
                0x000011b8                PROVIDE (__fini_array_end, .)
                0x000011b8                ___ROM_AT = .

.mtb            0x1ffff000        0x0
                0x1ffff000                . = ALIGN (0x8)
                0x1ffff000                _mtb_start = .
 *(.mtb_buf)
                0x1ffff000                . = ALIGN (0x8)
                0x1ffff000                _mtb_end = .

.data           0x1ffff000        0xc load address 0x000011b8
                0x1ffff000                . = ALIGN (0x4)
                0x1ffff000                _sdata = .
 *(.data)
 *(.data*)
 .data.TPM      0x1ffff000        0xc ./Sources/TPM.o
                0x1ffff00c                . = ALIGN (0x4)
                0x1ffff00c                _edata = .
                0x0000000c                ___data_size = (_edata - _sdata)

.igot.plt       0x1ffff00c        0x0 load address 0x000011c4
 .igot.plt      0x00000000        0x0 ./Project_Settings/Startup_Code/kinetis_sysinit.o
                0x1ffff00c                . = ALIGN (0x4)

.bss            0x1ffff00c       0x20 load address 0x000011c4
                0x1ffff00c                __START_BSS = .
                0x1ffff00c                PROVIDE (__bss_start__, __START_BSS)
 *(.bss)
 *(.bss*)
 .bss.argv      0x1ffff00c        0x4 ./Project_Settings/Startup_Code/__arm_start.o
 .bss.i16PulseWidth
                0x1ffff010        0x2 ./Sources/ISR.o
 .bss.ind.4611  0x1ffff012        0x1 ./Sources/ISR.o
 *fill*         0x1ffff013        0x1 00
 .bss.__stdio_exit
                0x1ffff014        0x4 C:/Freescale/CW111/MCU/ARM_GCC_Support/ewl/lib/armv6-m\libc.a(exit.o)
                0x1ffff014                __stdio_exit
 .bss.__console_exit
                0x1ffff018        0x4 C:/Freescale/CW111/MCU/ARM_GCC_Support/ewl/lib/armv6-m\libc.a(exit.o)
                0x1ffff018                __console_exit
 .bss.__global_destructor_chain
                0x1ffff01c        0x4 C:/Freescale/CW111/MCU/ARM_GCC_Support/ewl/lib/armv6-m\librt.a(__arm_eabi_init.o)
                0x1ffff01c                __global_destructor_chain
 .bss.__S_romp  0x1ffff020        0xc C:/Freescale/CW111/MCU/ARM_GCC_Support/ewl/lib/armv6-m\librt.a(ROMCopy.o)
 *(COMMON)
                0x1ffff02c                . = ALIGN (0x4)
                0x1ffff02c                __END_BSS = .
                0x1ffff02c                PROVIDE (__bss_end__, __END_BSS)
                0x000011c4                _romp_at = (___ROM_AT + SIZEOF (.data))

.romp           0x1ffff02c       0x18 load address 0x000011c4
                0x000011c4                __S_romp = _romp_at
                0x1ffff02c        0x4 LONG 0x11b8 ___ROM_AT
                0x1ffff030        0x4 LONG 0x1ffff000 _sdata
                0x1ffff034        0x4 LONG 0xc ___data_size
                0x1ffff038        0x4 LONG 0x0
                0x1ffff03c        0x4 LONG 0x0
                0x1ffff040        0x4 LONG 0x0

._user_heap_stack
                0x1ffff044      0x800 load address 0x000011dc
                0x1ffff044                . = ALIGN (0x4)
                0x1ffff044                PROVIDE (end, .)
                0x1ffff044                PROVIDE (_end, .)
                0x1ffff044                __heap_addr = .
                0x1ffff444                . = (. + __heap_size)
 *fill*         0x1ffff044      0x400 00
                0x1ffff844                . = (. + __stack_size)
 *fill*         0x1ffff444      0x400 00
                0x1ffff844                . = ALIGN (0x4)

.ARM.attributes
                0x00000000       0x31
 *(.ARM.attributes)
 .ARM.attributes
                0x00000000       0x31 ./Project_Settings/Startup_Code/kinetis_sysinit.o
 .ARM.attributes
                0x00000031       0x31 ./Project_Settings/Startup_Code/__arm_start.o
 .ARM.attributes
                0x00000062       0x31 ./Project_Settings/Startup_Code/__arm_end.o
 .ARM.attributes
                0x00000093       0x31 ./Sources/main.o
 .ARM.attributes
                0x000000c4       0x31 ./Sources/TPM.o
 .ARM.attributes
                0x000000f5       0x31 ./Sources/SIM.o
 .ARM.attributes
                0x00000126       0x31 ./Sources/MCG.o
 .ARM.attributes
                0x00000157       0x31 ./Sources/ISR.o
 .ARM.attributes
                0x00000188       0x31 C:/Freescale/CW111/MCU/ARM_GCC_Support/ewl/lib/armv6-m\libc.a(exit.o)
 .ARM.attributes
                0x000001b9       0x31 C:/Freescale/CW111/MCU/ARM_GCC_Support/ewl/lib/armv6-m\libc.a(memset.o)
 .ARM.attributes
                0x000001ea       0x31 C:/Freescale/CW111/MCU/ARM_GCC_Support/ewl/lib/armv6-m\libc.a(__filll_mem.o)
 .ARM.attributes
                0x0000021b       0x31 C:/Freescale/CW111/MCU/ARM_GCC_Support/ewl/lib/armv6-m\libc.a(memcpy.o)
 .ARM.attributes
                0x0000024c       0x1e c:/freescale/cw111/cross_tools/arm-none-eabi-gcc-4_7_3/bin/../lib/gcc/arm-none-eabi/4.7.3/armv6-m\libgcc.a(_divsi3.o)
 .ARM.attributes
                0x0000026a       0x1e c:/freescale/cw111/cross_tools/arm-none-eabi-gcc-4_7_3/bin/../lib/gcc/arm-none-eabi/4.7.3/armv6-m\libgcc.a(_dvmd_tls.o)
 .ARM.attributes
                0x00000288       0x31 C:/Freescale/CW111/MCU/ARM_GCC_Support/ewl/lib/armv6-m\librt.a(gcc_ctor_dtor.o)
 .ARM.attributes
                0x000002b9       0x31 C:/Freescale/CW111/MCU/ARM_GCC_Support/ewl/lib/armv6-m\librt.a(__arm_eabi_init.o)
 .ARM.attributes
                0x000002ea       0x31 C:/Freescale/CW111/MCU/ARM_GCC_Support/ewl/lib/armv6-m\librt.a(ROMCopy.o)
OUTPUT(rot8_example1.elf elf32-littlearm)

.debug_info     0x00000000     0x1de9
 .debug_info    0x00000000      0x447 ./Project_Settings/Startup_Code/kinetis_sysinit.o
 .debug_info    0x00000447      0x12a ./Project_Settings/Startup_Code/__arm_start.o
 .debug_info    0x00000571       0x54 ./Project_Settings/Startup_Code/__arm_end.o
 .debug_info    0x000005c5       0x81 ./Sources/main.o
 .debug_info    0x00000646      0x718 ./Sources/TPM.o
 .debug_info    0x00000d5e      0x32a ./Sources/SIM.o
 .debug_info    0x00001088      0x1b4 ./Sources/MCG.o
 .debug_info    0x0000123c      0x209 ./Sources/ISR.o
 .debug_info    0x00001445       0xe8 C:/Freescale/CW111/MCU/ARM_GCC_Support/ewl/lib/armv6-m\libc.a(exit.o)
 .debug_info    0x0000152d       0xec C:/Freescale/CW111/MCU/ARM_GCC_Support/ewl/lib/armv6-m\libc.a(memset.o)
 .debug_info    0x00001619      0x137 C:/Freescale/CW111/MCU/ARM_GCC_Support/ewl/lib/armv6-m\libc.a(__filll_mem.o)
 .debug_info    0x00001750      0x10f C:/Freescale/CW111/MCU/ARM_GCC_Support/ewl/lib/armv6-m\libc.a(memcpy.o)
 .debug_info    0x0000185f      0x136 C:/Freescale/CW111/MCU/ARM_GCC_Support/ewl/lib/armv6-m\librt.a(gcc_ctor_dtor.o)
 .debug_info    0x00001995      0x2b9 C:/Freescale/CW111/MCU/ARM_GCC_Support/ewl/lib/armv6-m\librt.a(__arm_eabi_init.o)
 .debug_info    0x00001c4e      0x19b C:/Freescale/CW111/MCU/ARM_GCC_Support/ewl/lib/armv6-m\librt.a(ROMCopy.o)

.debug_abbrev   0x00000000      0xad2
 .debug_abbrev  0x00000000       0xe7 ./Project_Settings/Startup_Code/kinetis_sysinit.o
 .debug_abbrev  0x000000e7       0x92 ./Project_Settings/Startup_Code/__arm_start.o
 .debug_abbrev  0x00000179       0x4c ./Project_Settings/Startup_Code/__arm_end.o
 .debug_abbrev  0x000001c5       0x3f ./Sources/main.o
 .debug_abbrev  0x00000204      0x11c ./Sources/TPM.o
 .debug_abbrev  0x00000320       0xe8 ./Sources/SIM.o
 .debug_abbrev  0x00000408       0xa4 ./Sources/MCG.o
 .debug_abbrev  0x000004ac       0xd1 ./Sources/ISR.o
 .debug_abbrev  0x0000057d       0x7a C:/Freescale/CW111/MCU/ARM_GCC_Support/ewl/lib/armv6-m\libc.a(exit.o)
 .debug_abbrev  0x000005f7       0x62 C:/Freescale/CW111/MCU/ARM_GCC_Support/ewl/lib/armv6-m\libc.a(memset.o)
 .debug_abbrev  0x00000659       0x78 C:/Freescale/CW111/MCU/ARM_GCC_Support/ewl/lib/armv6-m\libc.a(__filll_mem.o)
 .debug_abbrev  0x000006d1       0x95 C:/Freescale/CW111/MCU/ARM_GCC_Support/ewl/lib/armv6-m\libc.a(memcpy.o)
 .debug_abbrev  0x00000766       0x99 C:/Freescale/CW111/MCU/ARM_GCC_Support/ewl/lib/armv6-m\librt.a(gcc_ctor_dtor.o)
 .debug_abbrev  0x000007ff      0x1b3 C:/Freescale/CW111/MCU/ARM_GCC_Support/ewl/lib/armv6-m\librt.a(__arm_eabi_init.o)
 .debug_abbrev  0x000009b2      0x120 C:/Freescale/CW111/MCU/ARM_GCC_Support/ewl/lib/armv6-m\librt.a(ROMCopy.o)

.debug_loc      0x00000000      0x9b5
 .debug_loc     0x00000000       0x58 ./Project_Settings/Startup_Code/kinetis_sysinit.o
 .debug_loc     0x00000058       0x2c ./Project_Settings/Startup_Code/__arm_start.o
 .debug_loc     0x00000084       0x38 ./Project_Settings/Startup_Code/__arm_end.o
 .debug_loc     0x000000bc       0x38 ./Sources/main.o
 .debug_loc     0x000000f4      0x1c8 ./Sources/TPM.o
 .debug_loc     0x000002bc       0xd4 ./Sources/SIM.o
 .debug_loc     0x00000390       0x58 ./Sources/MCG.o
 .debug_loc     0x000003e8       0x70 ./Sources/ISR.o
 .debug_loc     0x00000458       0x3e C:/Freescale/CW111/MCU/ARM_GCC_Support/ewl/lib/armv6-m\libc.a(exit.o)
 .debug_loc     0x00000496       0x6f C:/Freescale/CW111/MCU/ARM_GCC_Support/ewl/lib/armv6-m\libc.a(memset.o)
 .debug_loc     0x00000505      0x14a C:/Freescale/CW111/MCU/ARM_GCC_Support/ewl/lib/armv6-m\libc.a(__filll_mem.o)
 .debug_loc     0x0000064f       0x59 C:/Freescale/CW111/MCU/ARM_GCC_Support/ewl/lib/armv6-m\libc.a(memcpy.o)
 .debug_loc     0x000006a8       0x9d C:/Freescale/CW111/MCU/ARM_GCC_Support/ewl/lib/armv6-m\librt.a(gcc_ctor_dtor.o)
 .debug_loc     0x00000745      0x197 C:/Freescale/CW111/MCU/ARM_GCC_Support/ewl/lib/armv6-m\librt.a(__arm_eabi_init.o)
 .debug_loc     0x000008dc       0xd9 C:/Freescale/CW111/MCU/ARM_GCC_Support/ewl/lib/armv6-m\librt.a(ROMCopy.o)

.debug_aranges  0x00000000      0x2b0
 .debug_aranges
                0x00000000       0x28 ./Project_Settings/Startup_Code/kinetis_sysinit.o
 .debug_aranges
                0x00000028       0x30 ./Project_Settings/Startup_Code/__arm_start.o
 .debug_aranges
                0x00000058       0x20 ./Project_Settings/Startup_Code/__arm_end.o
 .debug_aranges
                0x00000078       0x20 ./Sources/main.o
 .debug_aranges
                0x00000098       0x60 ./Sources/TPM.o
 .debug_aranges
                0x000000f8       0x38 ./Sources/SIM.o
 .debug_aranges
                0x00000130       0x28 ./Sources/MCG.o
 .debug_aranges
                0x00000158       0x28 ./Sources/ISR.o
 .debug_aranges
                0x00000180       0x20 C:/Freescale/CW111/MCU/ARM_GCC_Support/ewl/lib/armv6-m\libc.a(exit.o)
 .debug_aranges
                0x000001a0       0x20 C:/Freescale/CW111/MCU/ARM_GCC_Support/ewl/lib/armv6-m\libc.a(memset.o)
 .debug_aranges
                0x000001c0       0x20 C:/Freescale/CW111/MCU/ARM_GCC_Support/ewl/lib/armv6-m\libc.a(__filll_mem.o)
 .debug_aranges
                0x000001e0       0x20 C:/Freescale/CW111/MCU/ARM_GCC_Support/ewl/lib/armv6-m\libc.a(memcpy.o)
 .debug_aranges
                0x00000200       0x28 C:/Freescale/CW111/MCU/ARM_GCC_Support/ewl/lib/armv6-m\librt.a(gcc_ctor_dtor.o)
 .debug_aranges
                0x00000228       0x58 C:/Freescale/CW111/MCU/ARM_GCC_Support/ewl/lib/armv6-m\librt.a(__arm_eabi_init.o)
 .debug_aranges
                0x00000280       0x30 C:/Freescale/CW111/MCU/ARM_GCC_Support/ewl/lib/armv6-m\librt.a(ROMCopy.o)

.debug_macinfo  0x00000000    0xecf87
 .debug_macinfo
                0x00000000    0x264f0 ./Project_Settings/Startup_Code/kinetis_sysinit.o
 .debug_macinfo
                0x000264f0     0x3e6d ./Project_Settings/Startup_Code/__arm_start.o
 .debug_macinfo
                0x0002a35d     0x3456 ./Project_Settings/Startup_Code/__arm_end.o
 .debug_macinfo
                0x0002d7b3    0x264ee ./Sources/main.o
 .debug_macinfo
                0x00053ca1    0x264c4 ./Sources/TPM.o
 .debug_macinfo
                0x0007a165    0x264b6 ./Sources/SIM.o
 .debug_macinfo
                0x000a061b    0x264b6 ./Sources/MCG.o
 .debug_macinfo
                0x000c6ad1    0x264b6 ./Sources/ISR.o

.debug_line     0x00000000     0x16ae
 .debug_line    0x00000000      0x21e ./Project_Settings/Startup_Code/kinetis_sysinit.o
 .debug_line    0x0000021e      0x2a1 ./Project_Settings/Startup_Code/__arm_start.o
 .debug_line    0x000004bf      0x24a ./Project_Settings/Startup_Code/__arm_end.o
 .debug_line    0x00000709      0x20b ./Sources/main.o
 .debug_line    0x00000914      0x2b4 ./Sources/TPM.o
 .debug_line    0x00000bc8      0x212 ./Sources/SIM.o
 .debug_line    0x00000dda      0x204 ./Sources/MCG.o
 .debug_line    0x00000fde      0x1f2 ./Sources/ISR.o
 .debug_line    0x000011d0       0x8d C:/Freescale/CW111/MCU/ARM_GCC_Support/ewl/lib/armv6-m\libc.a(exit.o)
 .debug_line    0x0000125d       0x90 C:/Freescale/CW111/MCU/ARM_GCC_Support/ewl/lib/armv6-m\libc.a(memset.o)
 .debug_line    0x000012ed       0xf6 C:/Freescale/CW111/MCU/ARM_GCC_Support/ewl/lib/armv6-m\libc.a(__filll_mem.o)
 .debug_line    0x000013e3       0x8b C:/Freescale/CW111/MCU/ARM_GCC_Support/ewl/lib/armv6-m\libc.a(memcpy.o)
 .debug_line    0x0000146e       0x6c C:/Freescale/CW111/MCU/ARM_GCC_Support/ewl/lib/armv6-m\librt.a(gcc_ctor_dtor.o)
 .debug_line    0x000014da      0x117 C:/Freescale/CW111/MCU/ARM_GCC_Support/ewl/lib/armv6-m\librt.a(__arm_eabi_init.o)
 .debug_line    0x000015f1       0xbd C:/Freescale/CW111/MCU/ARM_GCC_Support/ewl/lib/armv6-m\librt.a(ROMCopy.o)

.debug_str      0x00000000      0xa11
 .debug_str     0x00000000      0x2ad ./Project_Settings/Startup_Code/kinetis_sysinit.o
                                0x2d4 (size before relaxing)
 .debug_str     0x000002ad       0x85 ./Project_Settings/Startup_Code/__arm_start.o
                                0x1ae (size before relaxing)
 .debug_str     0x00000332       0x73 ./Project_Settings/Startup_Code/__arm_end.o
                                 0xd2 (size before relaxing)
 .debug_str     0x000003a5       0x17 ./Sources/main.o
                                0x12e (size before relaxing)
 .debug_str     0x000003bc      0x1d6 ./Sources/TPM.o
                                0x3e4 (size before relaxing)
 .debug_str     0x00000592       0x4a ./Sources/SIM.o
                                0x260 (size before relaxing)
 .debug_str     0x000005dc       0x5b ./Sources/MCG.o
                                0x190 (size before relaxing)
 .debug_str     0x00000637       0x4a ./Sources/ISR.o
                                0x1cc (size before relaxing)
 .debug_str     0x00000681       0x60 C:/Freescale/CW111/MCU/ARM_GCC_Support/ewl/lib/armv6-m\libc.a(exit.o)
                                0x157 (size before relaxing)
 .debug_str     0x000006e1       0x23 C:/Freescale/CW111/MCU/ARM_GCC_Support/ewl/lib/armv6-m\libc.a(memset.o)
                                0x140 (size before relaxing)
 .debug_str     0x00000704       0x2d C:/Freescale/CW111/MCU/ARM_GCC_Support/ewl/lib/armv6-m\libc.a(__filll_mem.o)
                                0x152 (size before relaxing)
 .debug_str     0x00000731       0x1c C:/Freescale/CW111/MCU/ARM_GCC_Support/ewl/lib/armv6-m\libc.a(memcpy.o)
                                0x138 (size before relaxing)
 .debug_str     0x0000074d      0x126 C:/Freescale/CW111/MCU/ARM_GCC_Support/ewl/lib/armv6-m\librt.a(gcc_ctor_dtor.o)
                                0x181 (size before relaxing)
 .debug_str     0x00000873       0xf8 C:/Freescale/CW111/MCU/ARM_GCC_Support/ewl/lib/armv6-m\librt.a(__arm_eabi_init.o)
                                0x1b5 (size before relaxing)
 .debug_str     0x0000096b       0xa6 C:/Freescale/CW111/MCU/ARM_GCC_Support/ewl/lib/armv6-m\librt.a(ROMCopy.o)
                                0x13c (size before relaxing)

.comment        0x00000000       0x79
 .comment       0x00000000       0x79 ./Project_Settings/Startup_Code/kinetis_sysinit.o
                                 0x7a (size before relaxing)
 .comment       0x00000000       0x7a ./Project_Settings/Startup_Code/__arm_start.o
 .comment       0x00000000       0x7a ./Project_Settings/Startup_Code/__arm_end.o
 .comment       0x00000000       0x7a ./Sources/main.o
 .comment       0x00000000       0x7a ./Sources/TPM.o
 .comment       0x00000000       0x7a ./Sources/SIM.o
 .comment       0x00000000       0x7a ./Sources/MCG.o
 .comment       0x00000000       0x7a ./Sources/ISR.o
 .comment       0x00000000       0x7a C:/Freescale/CW111/MCU/ARM_GCC_Support/ewl/lib/armv6-m\libc.a(exit.o)
 .comment       0x00000000       0x7a C:/Freescale/CW111/MCU/ARM_GCC_Support/ewl/lib/armv6-m\libc.a(memset.o)
 .comment       0x00000000       0x7a C:/Freescale/CW111/MCU/ARM_GCC_Support/ewl/lib/armv6-m\libc.a(__filll_mem.o)
 .comment       0x00000000       0x7a C:/Freescale/CW111/MCU/ARM_GCC_Support/ewl/lib/armv6-m\libc.a(memcpy.o)
 .comment       0x00000000       0x7a C:/Freescale/CW111/MCU/ARM_GCC_Support/ewl/lib/armv6-m\librt.a(gcc_ctor_dtor.o)
 .comment       0x00000000       0x7a C:/Freescale/CW111/MCU/ARM_GCC_Support/ewl/lib/armv6-m\librt.a(__arm_eabi_init.o)
 .comment       0x00000000       0x7a C:/Freescale/CW111/MCU/ARM_GCC_Support/ewl/lib/armv6-m\librt.a(ROMCopy.o)

.debug_frame    0x00000000      0x554
 .debug_frame   0x00000000       0x48 ./Project_Settings/Startup_Code/kinetis_sysinit.o
 .debug_frame   0x00000048       0x4c ./Project_Settings/Startup_Code/__arm_start.o
 .debug_frame   0x00000094       0x30 ./Project_Settings/Startup_Code/__arm_end.o
 .debug_frame   0x000000c4       0x30 ./Sources/main.o
 .debug_frame   0x000000f4      0x124 ./Sources/TPM.o
 .debug_frame   0x00000218       0x8c ./Sources/SIM.o
 .debug_frame   0x000002a4       0x48 ./Sources/MCG.o
 .debug_frame   0x000002ec       0x50 ./Sources/ISR.o
 .debug_frame   0x0000033c       0x2c C:/Freescale/CW111/MCU/ARM_GCC_Support/ewl/lib/armv6-m\libc.a(exit.o)
 .debug_frame   0x00000368       0x28 C:/Freescale/CW111/MCU/ARM_GCC_Support/ewl/lib/armv6-m\libc.a(memset.o)
 .debug_frame   0x00000390       0x2c C:/Freescale/CW111/MCU/ARM_GCC_Support/ewl/lib/armv6-m\libc.a(__filll_mem.o)
 .debug_frame   0x000003bc       0x28 C:/Freescale/CW111/MCU/ARM_GCC_Support/ewl/lib/armv6-m\libc.a(memcpy.o)
 .debug_frame   0x000003e4       0x20 c:/freescale/cw111/cross_tools/arm-none-eabi-gcc-4_7_3/bin/../lib/gcc/arm-none-eabi/4.7.3/armv6-m\libgcc.a(_divsi3.o)
 .debug_frame   0x00000404       0x40 C:/Freescale/CW111/MCU/ARM_GCC_Support/ewl/lib/armv6-m\librt.a(gcc_ctor_dtor.o)
 .debug_frame   0x00000444       0xbc C:/Freescale/CW111/MCU/ARM_GCC_Support/ewl/lib/armv6-m\librt.a(__arm_eabi_init.o)
 .debug_frame   0x00000500       0x54 C:/Freescale/CW111/MCU/ARM_GCC_Support/ewl/lib/armv6-m\librt.a(ROMCopy.o)
